> Task :app:preBuild UP-TO-DATE
> Task :app:preDebugBuild UP-TO-DATE
> Task :app:generateDebugResources UP-TO-DATE
> Task :app:packageDebugResources UP-TO-DATE
> Task :app:processDebugNavigationResources UP-TO-DATE
> Task :app:parseDebugLocalResources UP-TO-DATE
> Task :app:generateDebugRFile UP-TO-DATE
> Task :app:compileDebugKotlin NO-SOURCE
> Task :app:javaPreCompileDebug UP-TO-DATE

> Task :app:compileDebugJavaWithJavac FAILED
C:\Users\keduy\Desktop\QLNS_ALL_FI\QLNS_frontend_ma\app\src\main\java\com\example\myapplication\ui\AdminSettingsActivity.java:83: error: cannot find symbol
        apiService.getCompanySettings().enqueue(new Callback<CompanySettings>() {
                  ^
  symbol:   method getCompanySettings()
  location: variable apiService of type ApiService
C:\Users\keduy\Desktop\QLNS_ALL_FI\QLNS_frontend_ma\app\src\main\java\com\example\myapplication\ui\AdminSettingsActivity.java:124: error: cannot find symbol
        apiService.updateCompanySettings(req).enqueue(new Callback<CompanySettings>() {
                  ^
  symbol:   method updateCompanySettings(CompanySettings)
  location: variable apiService of type ApiService
C:\Users\keduy\Desktop\QLNS_ALL_FI\QLNS_frontend_ma\app\src\main\java\com\example\myapplication\ui\AttendanceSummaryActivity.java:108: error: cannot find symbol
        apiService.getAttendanceSummary(employeeId, currentMonth, currentYear).enqueue(new Callback<AttendanceMonthlyResponse>() {
                  ^
  symbol:   method getAttendanceSummary(Long,int,int)
  location: variable apiService of type ApiService
C:\Users\keduy\Desktop\QLNS_ALL_FI\QLNS_frontend_ma\app\src\main\java\com\example\myapplication\ui\ChatActivity.java:98: error: cannot find symbol
            if (item.getItemId() == R.id.action_create_group) {
                                        ^
  symbol:   variable action_create_group
  location: class id
C:\Users\keduy\Desktop\QLNS_ALL_FI\QLNS_frontend_ma\app\src\main\java\com\example\myapplication\ui\CreateGroupDialog.java:78: error: cannot find symbol
            window.setWindowAnimations(R.style.ChatDialogAnimation);
                                              ^
  symbol:   variable ChatDialogAnimation
  location: class style
C:\Users\keduy\Desktop\QLNS_ALL_FI\QLNS_frontend_ma\app\src\main\java\com\example\myapplication\ui\DashboardActivity.java:65: error: cannot find symbol
            attendanceViewModel.fetchTodayAttendance(empId);
                               ^
  symbol:   method fetchTodayAttendance(Long)
  location: variable attendanceViewModel of type AttendanceViewModel
C:\Users\keduy\Desktop\QLNS_ALL_FI\QLNS_frontend_ma\app\src\main\java\com\example\myapplication\ui\DashboardActivity.java:75: error: cannot find symbol
            } else if (attendance.getCheckIn() != null && attendance.getCheckOut() == null) {
                                 ^
  symbol:   method getCheckIn()
  location: variable attendance of type List<Attendance>
C:\Users\keduy\Desktop\QLNS_ALL_FI\QLNS_frontend_ma\app\src\main\java\com\example\myapplication\ui\DashboardActivity.java:75: error: cannot find symbol
            } else if (attendance.getCheckIn() != null && attendance.getCheckOut() == null) {
                                                                    ^
  symbol:   method getCheckOut()
  location: variable attendance of type List<Attendance>
C:\Users\keduy\Desktop\QLNS_ALL_FI\QLNS_frontend_ma\app\src\main\java\com\example\myapplication\ui\DashboardActivity.java:79: error: cannot find symbol
            } else if (attendance.getCheckOut() != null) {
                                 ^
  symbol:   method getCheckOut()
  location: variable attendance of type List<Attendance>
C:\Users\keduy\Desktop\QLNS_ALL_FI\QLNS_frontend_ma\app\src\main\java\com\example\myapplication\ui\DashboardActivity.java:168: error: cannot find symbol
        Call<DepartmentDashboardDTO> call = apiService.getDepartmentDashboard(currentDeptId);
                                                      ^
  symbol:   method getDepartmentDashboard(Long)
  location: variable apiService of type ApiService
C:\Users\keduy\Desktop\QLNS_ALL_FI\QLNS_frontend_ma\app\src\main\java\com\example\myapplication\viewmodel\AttendanceViewModel.java:96: error: cannot find symbol
                JsonObject jsonObject = JsonParser.parseString(errorJson).getAsJsonObject();
                                                  ^
  symbol:   method parseString(String)
  location: class JsonParser
C:\Users\keduy\Desktop\QLNS_ALL_FI\QLNS_frontend_ma\app\src\main\java\com\example\myapplication\ui\EmployeeActivity.java:289: error: cannot find symbol
            Double salary = employee.getBaseSalary();
                                    ^
  symbol:   method getBaseSalary()
  location: variable employee of type Employee
C:\Users\keduy\Desktop\QLNS_ALL_FI\QLNS_frontend_ma\app\src\main\java\com\example\myapplication\ui\EmployeeActivity.java:347: error: cannot find symbol
        apiService.updateEmployeeBaseSalary(empId, body).enqueue(new retrofit2.Callback<Void>() {
                  ^
  symbol:   method updateEmployeeBaseSalary(Long,Map<String,Double>)
  location: variable apiService of type ApiService
C:\Users\keduy\Desktop\QLNS_ALL_FI\QLNS_frontend_ma\app\src\main\java\com\example\myapplication\ui\GPSCheckInActivity.java:87: error: cannot find symbol
        attendanceViewModel.fetchCompanySettings();
                           ^
  symbol:   method fetchCompanySettings()
  location: variable attendanceViewModel of type AttendanceViewModel
C:\Users\keduy\Desktop\QLNS_ALL_FI\QLNS_frontend_ma\app\src\main\java\com\example\myapplication\ui\GPSCheckInActivity.java:118: error: cannot find symbol
        attendanceViewModel.companySettings.observe(this, settings -> {
                           ^
  symbol:   variable companySettings
  location: variable attendanceViewModel of type AttendanceViewModel
C:\Users\keduy\Desktop\QLNS_ALL_FI\QLNS_frontend_ma\app\src\main\java\com\example\myapplication\ui\GPSCheckInActivity.java:178: error: incompatible types: TimekeepingRequest cannot be converted to Map<String,Object>
            attendanceViewModel.checkIn(request);
                                        ^
C:\Users\keduy\Desktop\QLNS_ALL_FI\QLNS_frontend_ma\app\src\main\java\com\example\myapplication\ui\GPSCheckInActivity.java:180: error: incompatible types: TimekeepingRequest cannot be converted to Map<String,Object>
            attendanceViewModel.checkOut(request);
                                         ^
C:\Users\keduy\Desktop\QLNS_ALL_FI\QLNS_frontend_ma\app\src\main\java\com\example\myapplication\ui\LoginActivity.java:43: error: cannot find symbol
        apiService.validateToken().enqueue(new Callback<String>() {
                  ^
  symbol:   method validateToken()
  location: variable apiService of type ApiService
C:\Users\keduy\Desktop\QLNS_ALL_FI\QLNS_frontend_ma\app\src\main\java\com\example\myapplication\ui\LoginActivity.java:71: error: cannot find symbol
        edtEmail = findViewById(R.id.edtEmail);
                                    ^
  symbol:   variable edtEmail
  location: class id
C:\Users\keduy\Desktop\QLNS_ALL_FI\QLNS_frontend_ma\app\src\main\java\com\example\myapplication\ui\LoginActivity.java:72: error: cannot find symbol
        edtPassword = findViewById(R.id.edtPassword);
                                       ^
  symbol:   variable edtPassword
  location: class id
C:\Users\keduy\Desktop\QLNS_ALL_FI\QLNS_frontend_ma\app\src\main\java\com\example\myapplication\ui\LoginActivity.java:90: error: incompatible types: AuthRequest cannot be converted to AuthenticationRequest
        apiService.login(request).enqueue(new Callback<AuthResponse>() {
                         ^
C:\Users\keduy\Desktop\QLNS_ALL_FI\QLNS_frontend_ma\app\src\main\java\com\example\myapplication\ui\MessageActivity.java:330: error: cannot find symbol
            if (item.getItemId() == R.id.action_search) {
                                        ^
  symbol:   variable action_search
  location: class id
C:\Users\keduy\Desktop\QLNS_ALL_FI\QLNS_frontend_ma\app\src\main\java\com\example\myapplication\ui\MessageActivity.java:336: error: cannot find symbol
            if (item.getItemId() == R.id.action_info) {
                                        ^
  symbol:   variable action_info
  location: class id
C:\Users\keduy\Desktop\QLNS_ALL_FI\QLNS_frontend_ma\app\src\main\java\com\example\myapplication\ui\NotificationActivity.java:102: error: cannot find symbol
            apiService.getAllNotifications().enqueue(new Callback<List<Notification>>() {
                      ^
  symbol:   method getAllNotifications()
  location: variable apiService of type ApiService
C:\Users\keduy\Desktop\QLNS_ALL_FI\QLNS_frontend_ma\app\src\main\java\com\example\myapplication\ui\NotificationActivity.java:169: error: cannot find symbol
        adapter.setNotiList(currentList);
               ^
  symbol:   method setNotiList(List<Notification>)
  location: variable adapter of type NotificationAdapter
C:\Users\keduy\Desktop\QLNS_ALL_FI\QLNS_frontend_ma\app\src\main\java\com\example\myapplication\ui\NotificationActivity.java:243: error: cannot find symbol
        Call<Notification> call = apiService.createNotification(noti);
                                            ^
  symbol:   method createNotification(CreateNotificationRequest)
  location: variable apiService of type ApiService
C:\Users\keduy\Desktop\QLNS_ALL_FI\QLNS_frontend_ma\app\src\main\java\com\example\myapplication\ui\PayrollActivity.java:150: error: cannot find symbol
        api.getAttendanceSummary(targetId, currentMonth, currentYear).enqueue(new Callback<AttendanceMonthlyResponse>() {
           ^
  symbol:   method getAttendanceSummary(Long,int,int)
  location: variable api of type ApiService
C:\Users\keduy\Desktop\QLNS_ALL_FI\QLNS_frontend_ma\app\src\main\java\com\example\myapplication\ui\PayrollActivity.java:208: error: cannot find symbol
        api.getMyPayroll(targetId, currentMonth, currentYear).enqueue(new Callback<SalaryRecord>() {
           ^
  symbol:   method getMyPayroll(Long,int,int)
  location: variable api of type ApiService
C:\Users\keduy\Desktop\QLNS_ALL_FI\QLNS_frontend_ma\app\src\main\java\com\example\myapplication\ui\PayrollActivity.java:240: error: cannot find symbol
        api.finalizePayroll(recordId).enqueue(new Callback<SalaryRecord>() {
           ^
  symbol:   method finalizePayroll(Long)
  location: variable api of type ApiService
C:\Users\keduy\Desktop\QLNS_ALL_FI\QLNS_frontend_ma\app\src\main\java\com\example\myapplication\ui\ProfileActivity.java:28: error: cannot find symbol
        TextView tvRole = findViewById(R.id.tvProfileRole);
                                           ^
  symbol:   variable tvProfileRole
  location: class id
C:\Users\keduy\Desktop\QLNS_ALL_FI\QLNS_frontend_ma\app\src\main\java\com\example\myapplication\ui\ProfileActivity.java:30: error: cannot find symbol
        Button btnLogout = findViewById(R.id.btnLogoutProfile);
                                            ^
  symbol:   variable btnLogoutProfile
  location: class id
C:\Users\keduy\Desktop\QLNS_ALL_FI\QLNS_frontend_ma\app\src\main\java\com\example\myapplication\ui\ProfileActivity.java:63: error: cannot find symbol
        Button btnViewPayroll = findViewById(R.id.btnViewPayroll);
                                                 ^
  symbol:   variable btnViewPayroll
  location: class id
C:\Users\keduy\Desktop\QLNS_ALL_FI\QLNS_frontend_ma\app\src\main\java\com\example\myapplication\ui\RequestActivity.java:365: error: cannot find symbol
        apiService.getMyRequests(currentEmployeeId, selectedMonth, selectedYear).enqueue(new Callback<List<Request>>() {
                  ^
  symbol:   method getMyRequests(Long,Integer,Integer)
  location: variable apiService of type ApiService
C:\Users\keduy\Desktop\QLNS_ALL_FI\QLNS_frontend_ma\app\src\main\java\com\example\myapplication\ui\RequestActivity.java:391: error: cannot find symbol
                apiService.getRequestsByDepartmentAndStatus(currentDeptId, status, selectedMonth, selectedYear, selectedEmpId).enqueue(new Callback<List<Request>>() {
                          ^
  symbol:   method getRequestsByDepartmentAndStatus(Long,String,Integer,Integer,Long)
  location: variable apiService of type ApiService
C:\Users\keduy\Desktop\QLNS_ALL_FI\QLNS_frontend_ma\app\src\main\java\com\example\myapplication\ui\RequestActivity.java:386: error: cannot find symbol
        apiService.getMyRequests(currentEmployeeId, selectedMonth, selectedYear).enqueue(new Callback<List<Request>>() {
                  ^
  symbol:   method getMyRequests(Long,Integer,Integer)
  location: variable apiService of type ApiService
C:\Users\keduy\Desktop\QLNS_ALL_FI\QLNS_frontend_ma\app\src\main\java\com\example\myapplication\ui\RequestActivity.java:410: error: cannot find symbol
                apiService.getAllRequestsByStatus(status, selectedMonth, selectedYear, selectedDeptId).enqueue(new Callback<List<Request>>() {
                          ^
  symbol:   method getAllRequestsByStatus(String,Integer,Integer,Long)
  location: variable apiService of type ApiService
C:\Users\keduy\Desktop\QLNS_ALL_FI\QLNS_frontend_ma\app\src\main\java\com\example\myapplication\ui\RequestActivity.java:405: error: cannot find symbol
        apiService.getMyRequests(currentEmployeeId, selectedMonth, selectedYear).enqueue(new Callback<List<Request>>() {
                  ^
  symbol:   method getMyRequests(Long,Integer,Integer)
  location: variable apiService of type ApiService
C:\Users\keduy\Desktop\QLNS_ALL_FI\QLNS_frontend_ma\app\src\main\java\com\example\myapplication\ui\RequestActivity.java:463: error: cannot find symbol
                    apiService.cancelRequest(request.getId(), currentEmployeeId).enqueue(new Callback<Void>() {
                              ^
  symbol:   method cancelRequest(Long,Long)
  location: variable apiService of type ApiService
C:\Users\keduy\Desktop\QLNS_ALL_FI\QLNS_frontend_ma\app\src\main\java\com\example\myapplication\ui\RequestActivity.java:498: error: cannot find symbol
        Call<Request> call = apiService.updateRequestStatus(id, status);
                                       ^
  symbol:   method updateRequestStatus(Long,String)
  location: variable apiService of type ApiService
C:\Users\keduy\Desktop\QLNS_ALL_FI\QLNS_frontend_ma\app\src\main\java\com\example\myapplication\ui\RequestActivity.java:705: error: constructor CreateRequestRequest in class CreateRequestRequest cannot be applied to given types;
                    new com.example.myapplication.model.CreateRequestRequest(title, currentType[0], details, desc);
                    ^
  required: String,String
  found:    String,RequestType,List<RequestDetail>,String
  reason: actual and formal argument lists differ in length
C:\Users\keduy\Desktop\QLNS_ALL_FI\QLNS_frontend_ma\app\src\main\java\com\example\myapplication\ui\RequestActivity.java:740: error: cannot find symbol
                        createReq.setFileUrl(serverUrl);
                                 ^
  symbol:   method setFileUrl(String)
  location: variable createReq of type CreateRequestRequest
C:\Users\keduy\Desktop\QLNS_ALL_FI\QLNS_frontend_ma\app\src\main\java\com\example\myapplication\ui\RequestActivity.java:741: error: cannot find symbol
                        createReq.setFileName(serverFileName);
                                 ^
  symbol:   method setFileName(String)
  location: variable createReq of type CreateRequestRequest
C:\Users\keduy\Desktop\QLNS_ALL_FI\QLNS_frontend_ma\app\src\main\java\com\example\myapplication\ui\RequestActivity.java:734: error: cannot find symbol
            apiService.uploadImage(body).enqueue(new Callback<Map<String, String>>() {
                      ^
  symbol:   method uploadImage(Part)
  location: variable apiService of type ApiService
C:\Users\keduy\Desktop\QLNS_ALL_FI\QLNS_frontend_ma\app\src\main\java\com\example\myapplication\ui\RequestActivity.java:760: error: incompatible types: <anonymous Callback<Request>> cannot be converted to Callback<Void>
        apiService.createRequest(currentEmployeeId, createReq).enqueue(new Callback<Request>() {
                                                                       ^
C:\Users\keduy\Desktop\QLNS_ALL_FI\QLNS_frontend_ma\app\src\main\java\com\example\myapplication\ui\RequestActivity.java:892: error: cannot find symbol
                            mock.setDate(dateStr);
                                ^
  symbol:   method setDate(String)
  location: variable mock of type Attendance
C:\Users\keduy\Desktop\QLNS_ALL_FI\QLNS_frontend_ma\app\src\main\java\com\example\myapplication\ui\RequestActivity.java:893: error: cannot find symbol
                            mock.setStatus("ABSENT");
                                ^
  symbol:   method setStatus(String)
  location: variable mock of type Attendance
C:\Users\keduy\Desktop\QLNS_ALL_FI\QLNS_frontend_ma\app\src\main\java\com\example\myapplication\ui\RequestActivity.java:856: error: cannot find symbol
        apiService.getAttendanceByMonth(currentEmployeeId, selectedMonth, selectedYear).enqueue(new Callback<List<com.example.myapplication.model.Attendance>>() {
                  ^
  symbol:   method getAttendanceByMonth(Long,Integer,Integer)
  location: variable apiService of type ApiService
C:\Users\keduy\Desktop\QLNS_ALL_FI\QLNS_frontend_ma\app\src\main\java\com\example\myapplication\ui\RequestActivity.java:1041: error: cannot find symbol
                    double remaining = emp.getRemainingLeave();
                                          ^
  symbol:   method getRemainingLeave()
  location: variable emp of type Employee
C:\Users\keduy\Desktop\QLNS_ALL_FI\QLNS_frontend_ma\app\src\main\java\com\example\myapplication\ui\RoomInfoActivity.java:327: error: cannot find symbol
                window.setWindowAnimations(R.style.ChatDialogAnimation);
                                                  ^
  symbol:   variable ChatDialogAnimation
  location: class style
C:\Users\keduy\Desktop\QLNS_ALL_FI\QLNS_frontend_ma\app\src\main\java\com\example\myapplication\ui\TaskActivity.java:242: error: cannot find symbol
            call = apiService.getAllTasks();
                             ^
  symbol:   method getAllTasks()
  location: variable apiService of type ApiService
C:\Users\keduy\Desktop\QLNS_ALL_FI\QLNS_frontend_ma\app\src\main\java\com\example\myapplication\ui\TaskActivity.java:249: error: cannot find symbol
            call = apiService.getTasksByDepartment(currentDeptId);
                             ^
  symbol:   method getTasksByDepartment(Long)
  location: variable apiService of type ApiService
C:\Users\keduy\Desktop\QLNS_ALL_FI\QLNS_frontend_ma\app\src\main\java\com\example\myapplication\ui\TaskActivity.java:424: error: cannot find symbol
        Call<Task> call = apiService.createTask(request);
                                    ^
  symbol:   method createTask(CreateTaskRequest)
  location: variable apiService of type ApiService
C:\Users\keduy\Desktop\QLNS_ALL_FI\QLNS_frontend_ma\app\src\main\java\com\example\myapplication\ui\TimekeepingActivity.java:184: error: incompatible types: TimekeepingRequest cannot be converted to Map<String,Object>
        apiService.checkIn(req).enqueue(new Callback<Attendance>() {
                           ^
C:\Users\keduy\Desktop\QLNS_ALL_FI\QLNS_frontend_ma\app\src\main\java\com\example\myapplication\ui\TimekeepingActivity.java:207: error: incompatible types: TimekeepingRequest cannot be converted to Map<String,Object>
        apiService.checkOut(req).enqueue(new Callback<Attendance>() {
                            ^
C:\Users\keduy\Desktop\QLNS_ALL_FI\QLNS_frontend_ma\app\src\main\java\com\example\myapplication\ui\TimekeepingActivity.java:228: error: cannot find symbol
        apiService.getEmployeeAttendanceStats(currentEmployeeId, currentMonth, currentYear)
                  ^
  symbol:   method getEmployeeAttendanceStats(Long,int,int)
  location: variable apiService of type ApiService
C:\Users\keduy\Desktop\QLNS_ALL_FI\QLNS_frontend_ma\app\src\main\java\com\example\myapplication\ui\TimekeepingActivity.java:245: error: cannot find symbol
        apiService.getEmployeeAttendanceHistory(currentEmployeeId).enqueue(new Callback<List<Attendance>>() {
                  ^
  symbol:   method getEmployeeAttendanceHistory(Long)
  location: variable apiService of type ApiService
C:\Users\keduy\Desktop\QLNS_ALL_FI\QLNS_frontend_ma\app\src\main\java\com\example\myapplication\ui\TimekeepingActivity.java:260: error: cannot find symbol
        apiService.getDepartmentAttendanceStats(currentDeptId, currentMonth, currentYear).enqueue(new Callback<List<EmployeeAttendanceStats>>() {
                  ^
  symbol:   method getDepartmentAttendanceStats(Long,int,int)
  location: variable apiService of type ApiService
Note: Some input files use or override a deprecated API.
Note: Recompile with -Xlint:deprecation for details.
Note: Some messages have been simplified; recompile with -Xdiags:verbose to get full output
57 errors

[Incubating] Problems report is available at: file:///C:/Users/keduy/Desktop/QLNS_ALL_FI/QLNS_frontend_ma/build/reports/problems/problems-report.html

FAILURE: Build failed with an exception.

* What went wrong:
Execution failed for task ':app:compileDebugJavaWithJavac'.
> Compilation failed; see the compiler output below.
  C:\Users\keduy\Desktop\QLNS_ALL_FI\QLNS_frontend_ma\app\src\main\java\com\example\myapplication\ui\RequestActivity.java:705: error: constructor CreateRequestRequest in class CreateRequestRequest cannot be applied to given types;
                      new com.example.myapplication.model.CreateRequestRequest(title, currentType[0], details, desc);
                      ^
    required: String,String
    found:    String,RequestType,List<RequestDetail>,String
    reason: actual and formal argument lists differ in length
  Note: Recompile with -Xlint:deprecation for details.
  C:\Users\keduy\Desktop\QLNS_ALL_FI\QLNS_frontend_ma\app\src\main\java\com\example\myapplication\ui\GPSCheckInActivity.java:178: error: incompatible types: TimekeepingRequest cannot be converted to Map<String,Object>
              attendanceViewModel.checkIn(request);
                                          ^
  C:\Users\keduy\Desktop\QLNS_ALL_FI\QLNS_frontend_ma\app\src\main\java\com\example\myapplication\ui\GPSCheckInActivity.java:180: error: incompatible types: TimekeepingRequest cannot be converted to Map<String,Object>
              attendanceViewModel.checkOut(request);
                                           ^
  C:\Users\keduy\Desktop\QLNS_ALL_FI\QLNS_frontend_ma\app\src\main\java\com\example\myapplication\ui\LoginActivity.java:90: error: incompatible types: AuthRequest cannot be converted to AuthenticationRequest
          apiService.login(request).enqueue(new Callback<AuthResponse>() {
                           ^
  C:\Users\keduy\Desktop\QLNS_ALL_FI\QLNS_frontend_ma\app\src\main\java\com\example\myapplication\ui\RequestActivity.java:760: error: incompatible types: <anonymous Callback<Request>> cannot be converted to Callback<Void>
          apiService.createRequest(currentEmployeeId, createReq).enqueue(new Callback<Request>() {
                                                                         ^
  C:\Users\keduy\Desktop\QLNS_ALL_FI\QLNS_frontend_ma\app\src\main\java\com\example\myapplication\ui\TimekeepingActivity.java:184: error: incompatible types: TimekeepingRequest cannot be converted to Map<String,Object>
          apiService.checkIn(req).enqueue(new Callback<Attendance>() {
                             ^
  C:\Users\keduy\Desktop\QLNS_ALL_FI\QLNS_frontend_ma\app\src\main\java\com\example\myapplication\ui\TimekeepingActivity.java:207: error: incompatible types: TimekeepingRequest cannot be converted to Map<String,Object>
          apiService.checkOut(req).enqueue(new Callback<Attendance>() {
                              ^
  C:\Users\keduy\Desktop\QLNS_ALL_FI\QLNS_frontend_ma\app\src\main\java\com\example\myapplication\ui\ChatActivity.java:98: error: cannot find symbol
              if (item.getItemId() == R.id.action_create_group) {
                                          ^
    symbol:   variable action_create_group
    location: class id
  C:\Users\keduy\Desktop\QLNS_ALL_FI\QLNS_frontend_ma\app\src\main\java\com\example\myapplication\ui\CreateGroupDialog.java:78: error: cannot find symbol
              window.setWindowAnimations(R.style.ChatDialogAnimation);
                                                ^
    symbol:   variable ChatDialogAnimation
    location: class style
  C:\Users\keduy\Desktop\QLNS_ALL_FI\QLNS_frontend_ma\app\src\main\java\com\example\myapplication\ui\GPSCheckInActivity.java:118: error: cannot find symbol
          attendanceViewModel.companySettings.observe(this, settings -> {
                             ^
    symbol:   variable companySettings
    location: variable attendanceViewModel of type AttendanceViewModel
  C:\Users\keduy\Desktop\QLNS_ALL_FI\QLNS_frontend_ma\app\src\main\java\com\example\myapplication\ui\LoginActivity.java:71: error: cannot find symbol
          edtEmail = findViewById(R.id.edtEmail);
                                      ^
    symbol:   variable edtEmail
    location: class id
  C:\Users\keduy\Desktop\QLNS_ALL_FI\QLNS_frontend_ma\app\src\main\java\com\example\myapplication\ui\LoginActivity.java:72: error: cannot find symbol
          edtPassword = findViewById(R.id.edtPassword);
                                         ^
    symbol:   variable edtPassword
    location: class id
  C:\Users\keduy\Desktop\QLNS_ALL_FI\QLNS_frontend_ma\app\src\main\java\com\example\myapplication\ui\MessageActivity.java:330: error: cannot find symbol
              if (item.getItemId() == R.id.action_search) {
                                          ^
    symbol:   variable action_search
    location: class id
  C:\Users\keduy\Desktop\QLNS_ALL_FI\QLNS_frontend_ma\app\src\main\java\com\example\myapplication\ui\MessageActivity.java:336: error: cannot find symbol
              if (item.getItemId() == R.id.action_info) {
                                          ^
    symbol:   variable action_info
    location: class id
  C:\Users\keduy\Desktop\QLNS_ALL_FI\QLNS_frontend_ma\app\src\main\java\com\example\myapplication\ui\ProfileActivity.java:28: error: cannot find symbol
          TextView tvRole = findViewById(R.id.tvProfileRole);
                                             ^
    symbol:   variable tvProfileRole
    location: class id
  C:\Users\keduy\Desktop\QLNS_ALL_FI\QLNS_frontend_ma\app\src\main\java\com\example\myapplication\ui\ProfileActivity.java:30: error: cannot find symbol
          Button btnLogout = findViewById(R.id.btnLogoutProfile);
                                              ^
    symbol:   variable btnLogoutProfile
    location: class id
  C:\Users\keduy\Desktop\QLNS_ALL_FI\QLNS_frontend_ma\app\src\main\java\com\example\myapplication\ui\ProfileActivity.java:63: error: cannot find symbol
          Button btnViewPayroll = findViewById(R.id.btnViewPayroll);
                                                   ^
    symbol:   variable btnViewPayroll
    location: class id
  C:\Users\keduy\Desktop\QLNS_ALL_FI\QLNS_frontend_ma\app\src\main\java\com\example\myapplication\ui\RoomInfoActivity.java:327: error: cannot find symbol
                  window.setWindowAnimations(R.style.ChatDialogAnimation);
                                                    ^
    symbol:   variable ChatDialogAnimation
    location: class style
  Note: Some input files use or override a deprecated API.
  Note: Some messages have been simplified; recompile with -Xdiags:verbose to get full output
  C:\Users\keduy\Desktop\QLNS_ALL_FI\QLNS_frontend_ma\app\src\main\java\com\example\myapplication\ui\AdminSettingsActivity.java:83: error: cannot find symbol
          apiService.getCompanySettings().enqueue(new Callback<CompanySettings>() {
                    ^
    symbol:   method getCompanySettings()
    location: variable apiService of type ApiService
  C:\Users\keduy\Desktop\QLNS_ALL_FI\QLNS_frontend_ma\app\src\main\java\com\example\myapplication\ui\AdminSettingsActivity.java:124: error: cannot find symbol
          apiService.updateCompanySettings(req).enqueue(new Callback<CompanySettings>() {
                    ^
    symbol:   method updateCompanySettings(CompanySettings)
    location: variable apiService of type ApiService
  C:\Users\keduy\Desktop\QLNS_ALL_FI\QLNS_frontend_ma\app\src\main\java\com\example\myapplication\ui\AttendanceSummaryActivity.java:108: error: cannot find symbol
          apiService.getAttendanceSummary(employeeId, currentMonth, currentYear).enqueue(new Callback<AttendanceMonthlyResponse>() {
                    ^
    symbol:   method getAttendanceSummary(Long,int,int)
    location: variable apiService of type ApiService
  C:\Users\keduy\Desktop\QLNS_ALL_FI\QLNS_frontend_ma\app\src\main\java\com\example\myapplication\ui\DashboardActivity.java:65: error: cannot find symbol
              attendanceViewModel.fetchTodayAttendance(empId);
                                 ^
    symbol:   method fetchTodayAttendance(Long)
    location: variable attendanceViewModel of type AttendanceViewModel
  C:\Users\keduy\Desktop\QLNS_ALL_FI\QLNS_frontend_ma\app\src\main\java\com\example\myapplication\ui\DashboardActivity.java:75: error: cannot find symbol
              } else if (attendance.getCheckIn() != null && attendance.getCheckOut() == null) {
                                   ^
    symbol:   method getCheckIn()
    location: variable attendance of type List<Attendance>
  C:\Users\keduy\Desktop\QLNS_ALL_FI\QLNS_frontend_ma\app\src\main\java\com\example\myapplication\ui\DashboardActivity.java:75: error: cannot find symbol
              } else if (attendance.getCheckIn() != null && attendance.getCheckOut() == null) {
                                                                      ^
    symbol:   method getCheckOut()
    location: variable attendance of type List<Attendance>
  C:\Users\keduy\Desktop\QLNS_ALL_FI\QLNS_frontend_ma\app\src\main\java\com\example\myapplication\ui\DashboardActivity.java:79: error: cannot find symbol
              } else if (attendance.getCheckOut() != null) {
                                   ^
    symbol:   method getCheckOut()
    location: variable attendance of type List<Attendance>
  C:\Users\keduy\Desktop\QLNS_ALL_FI\QLNS_frontend_ma\app\src\main\java\com\example\myapplication\ui\DashboardActivity.java:168: error: cannot find symbol
          Call<DepartmentDashboardDTO> call = apiService.getDepartmentDashboard(currentDeptId);
                                                        ^
    symbol:   method getDepartmentDashboard(Long)
    location: variable apiService of type ApiService
  C:\Users\keduy\Desktop\QLNS_ALL_FI\QLNS_frontend_ma\app\src\main\java\com\example\myapplication\viewmodel\AttendanceViewModel.java:96: error: cannot find symbol
                  JsonObject jsonObject = JsonParser.parseString(errorJson).getAsJsonObject();
                                                    ^
    symbol:   method parseString(String)
    location: class JsonParser
  C:\Users\keduy\Desktop\QLNS_ALL_FI\QLNS_frontend_ma\app\src\main\java\com\example\myapplication\ui\EmployeeActivity.java:289: error: cannot find symbol
              Double salary = employee.getBaseSalary();
                                      ^
    symbol:   method getBaseSalary()
    location: variable employee of type Employee
  C:\Users\keduy\Desktop\QLNS_ALL_FI\QLNS_frontend_ma\app\src\main\java\com\example\myapplication\ui\EmployeeActivity.java:347: error: cannot find symbol
          apiService.updateEmployeeBaseSalary(empId, body).enqueue(new retrofit2.Callback<Void>() {
                    ^
    symbol:   method updateEmployeeBaseSalary(Long,Map<String,Double>)
    location: variable apiService of type ApiService
  C:\Users\keduy\Desktop\QLNS_ALL_FI\QLNS_frontend_ma\app\src\main\java\com\example\myapplication\ui\GPSCheckInActivity.java:87: error: cannot find symbol
          attendanceViewModel.fetchCompanySettings();
                             ^
    symbol:   method fetchCompanySettings()
    location: variable attendanceViewModel of type AttendanceViewModel
  C:\Users\keduy\Desktop\QLNS_ALL_FI\QLNS_frontend_ma\app\src\main\java\com\example\myapplication\ui\LoginActivity.java:43: error: cannot find symbol
          apiService.validateToken().enqueue(new Callback<String>() {
                    ^
    symbol:   method validateToken()
    location: variable apiService of type ApiService
  C:\Users\keduy\Desktop\QLNS_ALL_FI\QLNS_frontend_ma\app\src\main\java\com\example\myapplication\ui\NotificationActivity.java:102: error: cannot find symbol
              apiService.getAllNotifications().enqueue(new Callback<List<Notification>>() {
                        ^
    symbol:   method getAllNotifications()
    location: variable apiService of type ApiService
  C:\Users\keduy\Desktop\QLNS_ALL_FI\QLNS_frontend_ma\app\src\main\java\com\example\myapplication\ui\NotificationActivity.java:169: error: cannot find symbol
          adapter.setNotiList(currentList);
                 ^
    symbol:   method setNotiList(List<Notification>)
    location: variable adapter of type NotificationAdapter
  C:\Users\keduy\Desktop\QLNS_ALL_FI\QLNS_frontend_ma\app\src\main\java\com\example\myapplication\ui\NotificationActivity.java:243: error: cannot find symbol
          Call<Notification> call = apiService.createNotification(noti);
                                              ^
    symbol:   method createNotification(CreateNotificationRequest)
    location: variable apiService of type ApiService
  C:\Users\keduy\Desktop\QLNS_ALL_FI\QLNS_frontend_ma\app\src\main\java\com\example\myapplication\ui\PayrollActivity.java:150: error: cannot find symbol
          api.getAttendanceSummary(targetId, currentMonth, currentYear).enqueue(new Callback<AttendanceMonthlyResponse>() {
             ^
    symbol:   method getAttendanceSummary(Long,int,int)
    location: variable api of type ApiService
  C:\Users\keduy\Desktop\QLNS_ALL_FI\QLNS_frontend_ma\app\src\main\java\com\example\myapplication\ui\PayrollActivity.java:208: error: cannot find symbol
          api.getMyPayroll(targetId, currentMonth, currentYear).enqueue(new Callback<SalaryRecord>() {
             ^
    symbol:   method getMyPayroll(Long,int,int)
    location: variable api of type ApiService
  C:\Users\keduy\Desktop\QLNS_ALL_FI\QLNS_frontend_ma\app\src\main\java\com\example\myapplication\ui\PayrollActivity.java:240: error: cannot find symbol
          api.finalizePayroll(recordId).enqueue(new Callback<SalaryRecord>() {
             ^
    symbol:   method finalizePayroll(Long)
    location: variable api of type ApiService
  C:\Users\keduy\Desktop\QLNS_ALL_FI\QLNS_frontend_ma\app\src\main\java\com\example\myapplication\ui\RequestActivity.java:365: error: cannot find symbol
          apiService.getMyRequests(currentEmployeeId, selectedMonth, selectedYear).enqueue(new Callback<List<Request>>() {
                    ^
    symbol:   method getMyRequests(Long,Integer,Integer)
    location: variable apiService of type ApiService
  C:\Users\keduy\Desktop\QLNS_ALL_FI\QLNS_frontend_ma\app\src\main\java\com\example\myapplication\ui\RequestActivity.java:391: error: cannot find symbol
                  apiService.getRequestsByDepartmentAndStatus(currentDeptId, status, selectedMonth, selectedYear, selectedEmpId).enqueue(new Callback<List<Request>>() {
                            ^
    symbol:   method getRequestsByDepartmentAndStatus(Long,String,Integer,Integer,Long)
    location: variable apiService of type ApiService
  C:\Users\keduy\Desktop\QLNS_ALL_FI\QLNS_frontend_ma\app\src\main\java\com\example\myapplication\ui\RequestActivity.java:386: error: cannot find symbol
          apiService.getMyRequests(currentEmployeeId, selectedMonth, selectedYear).enqueue(new Callback<List<Request>>() {
                    ^
    symbol:   method getMyRequests(Long,Integer,Integer)
    location: variable apiService of type ApiService
  C:\Users\keduy\Desktop\QLNS_ALL_FI\QLNS_frontend_ma\app\src\main\java\com\example\myapplication\ui\RequestActivity.java:410: error: cannot find symbol
                  apiService.getAllRequestsByStatus(status, selectedMonth, selectedYear, selectedDeptId).enqueue(new Callback<List<Request>>() {
                            ^
    symbol:   method getAllRequestsByStatus(String,Integer,Integer,Long)
    location: variable apiService of type ApiService
  C:\Users\keduy\Desktop\QLNS_ALL_FI\QLNS_frontend_ma\app\src\main\java\com\example\myapplication\ui\RequestActivity.java:405: error: cannot find symbol
          apiService.getMyRequests(currentEmployeeId, selectedMonth, selectedYear).enqueue(new Callback<List<Request>>() {
                    ^
    symbol:   method getMyRequests(Long,Integer,Integer)
    location: variable apiService of type ApiService
  C:\Users\keduy\Desktop\QLNS_ALL_FI\QLNS_frontend_ma\app\src\main\java\com\example\myapplication\ui\RequestActivity.java:463: error: cannot find symbol
                      apiService.cancelRequest(request.getId(), currentEmployeeId).enqueue(new Callback<Void>() {
                                ^
    symbol:   method cancelRequest(Long,Long)
    location: variable apiService of type ApiService
  C:\Users\keduy\Desktop\QLNS_ALL_FI\QLNS_frontend_ma\app\src\main\java\com\example\myapplication\ui\RequestActivity.java:498: error: cannot find symbol
          Call<Request> call = apiService.updateRequestStatus(id, status);
                                         ^
    symbol:   method updateRequestStatus(Long,String)
    location: variable apiService of type ApiService
  C:\Users\keduy\Desktop\QLNS_ALL_FI\QLNS_frontend_ma\app\src\main\java\com\example\myapplication\ui\RequestActivity.java:740: error: cannot find symbol
                          createReq.setFileUrl(serverUrl);
                                   ^
    symbol:   method setFileUrl(String)
    location: variable createReq of type CreateRequestRequest
  C:\Users\keduy\Desktop\QLNS_ALL_FI\QLNS_frontend_ma\app\src\main\java\com\example\myapplication\ui\RequestActivity.java:741: error: cannot find symbol
                          createReq.setFileName(serverFileName);
                                   ^
    symbol:   method setFileName(String)
    location: variable createReq of type CreateRequestRequest
  C:\Users\keduy\Desktop\QLNS_ALL_FI\QLNS_frontend_ma\app\src\main\java\com\example\myapplication\ui\RequestActivity.java:734: error: cannot find symbol
              apiService.uploadImage(body).enqueue(new Callback<Map<String, String>>() {
                        ^
    symbol:   method uploadImage(Part)
    location: variable apiService of type ApiService
  C:\Users\keduy\Desktop\QLNS_ALL_FI\QLNS_frontend_ma\app\src\main\java\com\example\myapplication\ui\RequestActivity.java:892: error: cannot find symbol
                              mock.setDate(dateStr);
                                  ^
    symbol:   method setDate(String)
    location: variable mock of type Attendance
  C:\Users\keduy\Desktop\QLNS_ALL_FI\QLNS_frontend_ma\app\src\main\java\com\example\myapplication\ui\RequestActivity.java:893: error: cannot find symbol
                              mock.setStatus("ABSENT");
                                  ^
    symbol:   method setStatus(String)
    location: variable mock of type Attendance
  C:\Users\keduy\Desktop\QLNS_ALL_FI\QLNS_frontend_ma\app\src\main\java\com\example\myapplication\ui\RequestActivity.java:856: error: cannot find symbol
          apiService.getAttendanceByMonth(currentEmployeeId, selectedMonth, selectedYear).enqueue(new Callback<List<com.example.myapplication.model.Attendance>>() {
                    ^
    symbol:   method getAttendanceByMonth(Long,Integer,Integer)
    location: variable apiService of type ApiService
  C:\Users\keduy\Desktop\QLNS_ALL_FI\QLNS_frontend_ma\app\src\main\java\com\example\myapplication\ui\RequestActivity.java:1041: error: cannot find symbol
                      double remaining = emp.getRemainingLeave();
                                            ^
    symbol:   method getRemainingLeave()
    location: variable emp of type Employee
  C:\Users\keduy\Desktop\QLNS_ALL_FI\QLNS_frontend_ma\app\src\main\java\com\example\myapplication\ui\TaskActivity.java:242: error: cannot find symbol
              call = apiService.getAllTasks();
                               ^
    symbol:   method getAllTasks()
    location: variable apiService of type ApiService
  C:\Users\keduy\Desktop\QLNS_ALL_FI\QLNS_frontend_ma\app\src\main\java\com\example\myapplication\ui\TaskActivity.java:249: error: cannot find symbol
              call = apiService.getTasksByDepartment(currentDeptId);
                               ^
    symbol:   method getTasksByDepartment(Long)
    location: variable apiService of type ApiService
  C:\Users\keduy\Desktop\QLNS_ALL_FI\QLNS_frontend_ma\app\src\main\java\com\example\myapplication\ui\TaskActivity.java:424: error: cannot find symbol
          Call<Task> call = apiService.createTask(request);
                                      ^
    symbol:   method createTask(CreateTaskRequest)
    location: variable apiService of type ApiService
  C:\Users\keduy\Desktop\QLNS_ALL_FI\QLNS_frontend_ma\app\src\main\java\com\example\myapplication\ui\TimekeepingActivity.java:228: error: cannot find symbol
          apiService.getEmployeeAttendanceStats(currentEmployeeId, currentMonth, currentYear)
                    ^
    symbol:   method getEmployeeAttendanceStats(Long,int,int)
    location: variable apiService of type ApiService
  C:\Users\keduy\Desktop\QLNS_ALL_FI\QLNS_frontend_ma\app\src\main\java\com\example\myapplication\ui\TimekeepingActivity.java:245: error: cannot find symbol
          apiService.getEmployeeAttendanceHistory(currentEmployeeId).enqueue(new Callback<List<Attendance>>() {
                    ^
    symbol:   method getEmployeeAttendanceHistory(Long)
    location: variable apiService of type ApiService
  C:\Users\keduy\Desktop\QLNS_ALL_FI\QLNS_frontend_ma\app\src\main\java\com\example\myapplication\ui\TimekeepingActivity.java:260: error: cannot find symbol
          apiService.getDepartmentAttendanceStats(currentDeptId, currentMonth, currentYear).enqueue(new Callback<List<EmployeeAttendanceStats>>() {
                    ^
    symbol:   method getDepartmentAttendanceStats(Long,int,int)
    location: variable apiService of type ApiService
  57 errors

* Try:
> Check your code and dependencies to fix the compilation error(s)
> Run with --scan to generate a Build Scan (powered by Develocity).

BUILD FAILED in 3s
7 actionable tasks: 1 executed, 6 up-to-date
